// Jest Snapshot v1, https://goo.gl/fbAQLP

exports[`renders correctly 1`] = `
<styled.header>
  <h1>
    <GatsbyLink
      to="/"
    />
  </h1>
</styled.header>
`;
